[nlppossibilities.com/index.html]
[backblue.gif]
[fade.gif]
[index.html]
[www.google-analytics.com/analytics.js]
[nlpdhe.wpengine.com/wp-content/uploads/2015/01/NLP-Possibilities-No-DHE.jpg]
[nlpdhe.wpengine.com/wp-content/uploads/2014/12/Richard-Bandler-Face-Photo.png]
[nlpdhe.wpengine.com/wp-content/uploads/2015/01/Gauge.jpg]
[nlpdhe.wpengine.com/wp-content/uploads/2014/12/Society-of-NLP.jpg]
[nlpdhe.wpengine.com/wp-content/uploads/2014/12/SOCLOGO1.jpg]
[nlpdhe.wpengine.com/wp-content/uploads/2014/10/image1_8.png]
[nlpdhe.wpengine.com/wp-content/uploads/2014/12/image3_1.png]
[nlpdhe.wpengine.com/wp-content/uploads/2015/01/Max-S.-circular.png]
[nlpdhe.wpengine.com/wp-content/uploads/2015/01/Gary-S-circular.png]
[nlpdhe.wpengine.com/wp-content/uploads/2015/01/Alvin-B.-circular.png]
[nlpdhe.wpengine.com/wp-content/uploads/2015/01/Andrea-S.-circular.png]
[nlpdhe.wpengine.com/wp-content/uploads/2015/01/Andre-L.png]
[nlpdhe.wpengine.com/wp-content/uploads/2014/12/image9.png]
[nlpdhe.wpengine.com/wp-content/uploads/2015/01/Elizabeth-resized.jpg]
[nlpdhe.wpengine.com/wp-content/uploads/2014/12/image3.png]
[nlppossibilities.com/index.html]
